{
  "clientLibrary": {
    "name": "cloud.google.com/go/secretmanager/apiv1",
    "version": "1.16.0",
    "language": "GO",
    "apis": [
      {
        "id": "google.cloud.secretmanager.v1",
        "version": "v1"
      }
    ]
  },
  "snippets": []
}
