### YamlMime:TableOfContent
- uid: cloud.google.com/go/storage
  name: cloud.google.com/go/storage
  items:
  - uid: cloud.google.com/go/storage
    name: cloud.google.com/go/storage
  - name: README
    href: pkg-readme.md
